  Determining projects to restore...
  All projects are up-to-date for restore.
C:\Users\ASUS\OneDrive - Islington College Pvt. Ltd\Desktop\JournalApp\JournalApp.Core\Services\JournalService.cs(3,17): error CS0234: The type or namespace name 'EntityFrameworkCore' does not exist in the namespace 'Microsoft' (are you missing an assembly reference?) [C:\Users\ASUS\OneDrive - Islington College Pvt. Ltd\Desktop\JournalApp\JournalApp.Core\JournalApp.Core.csproj]

Build FAILED.

C:\Users\ASUS\OneDrive - Islington College Pvt. Ltd\Desktop\JournalApp\JournalApp.Core\Services\JournalService.cs(3,17): error CS0234: The type or namespace name 'EntityFrameworkCore' does not exist in the namespace 'Microsoft' (are you missing an assembly reference?) [C:\Users\ASUS\OneDrive - Islington College Pvt. Ltd\Desktop\JournalApp\JournalApp.Core\JournalApp.Core.csproj]
    0 Warning(s)
    1 Error(s)

Time Elapsed 00:00:03.61

Workload updates are available. Run `dotnet workload list` for more information.
